// Jest Snapshot v1, https://goo.gl/fbAQLP

exports[`User login user login should render 1`] = `ReactWrapper {}`;
